2025-06-13 02:34:22,694 - IntegratedPipeline - INFO - Initialized Integrated Pipeline in quick mode
2025-06-13 02:34:22,694 - IntegratedPipeline - INFO - Output directory: /Users/umutulasbalci/Desktop/Python/Senior Project/schedule_optimization_project/outputs/pipeline_run_quick_20250613_023422
2025-06-13 02:34:22,694 - IntegratedPipeline - INFO - üöÄ STARTING INTEGRATED SCHEDULE OPTIMIZATION PIPELINE
2025-06-13 02:34:22,694 - IntegratedPipeline - INFO - Mode: QUICK
2025-06-13 02:34:22,694 - IntegratedPipeline - INFO - Start time: 2025-06-13 02:34:22
2025-06-13 02:34:22,694 - IntegratedPipeline - INFO - ================================================================================
2025-06-13 02:34:22,694 - IntegratedPipeline - INFO - üìã OPTIMIZED CONFIGURATION SUMMARY - QUICK MODE
2025-06-13 02:34:22,694 - IntegratedPipeline - INFO - ================================================================================
2025-06-13 02:34:22,694 - IntegratedPipeline - INFO - üöå SIMULATION PARAMETERS:
2025-06-13 02:34:22,694 - IntegratedPipeline - INFO -   ‚Ä¢ Time Period: 2025-06-01 to 2025-06-07
2025-06-13 02:34:22,694 - IntegratedPipeline - INFO -   ‚Ä¢ Time Resolution: 15 minutes
2025-06-13 02:34:22,694 - IntegratedPipeline - INFO -   ‚Ä¢ Buses per Line: 6
2025-06-13 02:34:22,694 - IntegratedPipeline - INFO -   ‚Ä¢ Passenger Generation Rate: 1.0
2025-06-13 02:34:22,694 - IntegratedPipeline - INFO -   ‚Ä¢ Route Complexity: medium
2025-06-13 02:34:22,694 - IntegratedPipeline - INFO -   ‚Ä¢ Weather Effects: False
2025-06-13 02:34:22,694 - IntegratedPipeline - INFO -   ‚Ä¢ Seasonal Patterns: False
2025-06-13 02:34:22,694 - IntegratedPipeline - INFO - 
üß¨ OPTIMIZATION PARAMETERS:
2025-06-13 02:34:22,694 - IntegratedPipeline - INFO -   ‚Ä¢ Optimization Period: 1 days
2025-06-13 02:34:22,694 - IntegratedPipeline - INFO -   ‚Ä¢ Generations: 30
2025-06-13 02:34:22,694 - IntegratedPipeline - INFO -   ‚Ä¢ Population Size: 30
2025-06-13 02:34:22,694 - IntegratedPipeline - INFO -   ‚Ä¢ Mutation Rate: 0.12
2025-06-13 02:34:22,695 - IntegratedPipeline - INFO -   ‚Ä¢ Crossover Rate: 0.75
2025-06-13 02:34:22,695 - IntegratedPipeline - INFO -   ‚Ä¢ Elite Solutions: 3
2025-06-13 02:34:22,695 - IntegratedPipeline - INFO -   ‚Ä¢ Tournament Size: 3
2025-06-13 02:34:22,695 - IntegratedPipeline - INFO - 
üîÆ PREDICTION PARAMETERS:
2025-06-13 02:34:22,695 - IntegratedPipeline - INFO -   ‚Ä¢ Prediction Period: 1 days
2025-06-13 02:34:22,695 - IntegratedPipeline - INFO -   ‚Ä¢ Prediction Horizon: 24 hours
2025-06-13 02:34:22,695 - IntegratedPipeline - INFO -   ‚Ä¢ LSTM Architecture: [64, 32]
2025-06-13 02:34:22,695 - IntegratedPipeline - INFO -   ‚Ä¢ LSTM Epochs: 50
2025-06-13 02:34:22,695 - IntegratedPipeline - INFO -   ‚Ä¢ Sequence Length: 72 hours
2025-06-13 02:34:22,695 - IntegratedPipeline - INFO -   ‚Ä¢ Prophet Seasonality: additive
2025-06-13 02:34:22,695 - IntegratedPipeline - INFO -   ‚Ä¢ Yearly Seasonality: False
2025-06-13 02:34:22,695 - IntegratedPipeline - INFO - 
üìä EVALUATION PARAMETERS:
2025-06-13 02:34:22,695 - IntegratedPipeline - INFO -   ‚Ä¢ Statistical Tests: ['t_test']
2025-06-13 02:34:22,695 - IntegratedPipeline - INFO -   ‚Ä¢ Confidence Level: 0.9
2025-06-13 02:34:22,695 - IntegratedPipeline - INFO -   ‚Ä¢ Bootstrap Samples: 1,000
2025-06-13 02:34:22,695 - IntegratedPipeline - INFO -   ‚Ä¢ Visualization Detail: medium
2025-06-13 02:34:22,695 - IntegratedPipeline - INFO -   ‚Ä¢ Constraint Validation: standard
2025-06-13 02:34:22,695 - IntegratedPipeline - INFO - 
‚è±Ô∏è  PERFORMANCE EXPECTATIONS:
2025-06-13 02:34:22,695 - IntegratedPipeline - INFO -   ‚Ä¢ Execution Time: 15-45 minutes
2025-06-13 02:34:22,695 - IntegratedPipeline - INFO -   ‚Ä¢ Memory Usage: 2-4 GB RAM
2025-06-13 02:34:22,695 - IntegratedPipeline - INFO -   ‚Ä¢ Disk Space: ~500 MB for results
2025-06-13 02:34:22,695 - IntegratedPipeline - INFO -   ‚Ä¢ Accuracy: High (suitable for testing/validation)
2025-06-13 02:34:22,695 - IntegratedPipeline - INFO -   ‚Ä¢ Simulation Records: ~95,000 passenger flows
2025-06-13 02:34:22,695 - IntegratedPipeline - INFO - ================================================================================
2025-06-13 02:34:22,695 - IntegratedPipeline - INFO - ================================================================================
2025-06-13 02:34:22,695 - IntegratedPipeline - INFO - STEP 1: RUNNING BUS SIMULATION PIPELINE
2025-06-13 02:34:22,695 - IntegratedPipeline - INFO - ================================================================================
2025-06-13 02:34:23,154 - numexpr.utils - INFO - NumExpr defaulting to 8 threads.
2025-06-13 02:34:23,352 - IntegratedPipeline - INFO - Initializing simulation with parameters:
2025-06-13 02:34:23,352 - IntegratedPipeline - INFO -   - Period: 2025-06-01 to 2025-06-07
2025-06-13 02:34:23,352 - IntegratedPipeline - INFO -   - Time step: 15 minutes
2025-06-13 02:34:23,352 - IntegratedPipeline - INFO -   - Buses per line: 6
2025-06-13 02:34:23,352 - IntegratedPipeline - INFO - Loading bus stops data...
2025-06-13 02:34:23,372 - IntegratedPipeline - INFO - Setting up simulation...
2025-06-13 02:34:23,495 - IntegratedPipeline - INFO - Starting simulation execution...
2025-06-13 02:35:36,228 - IntegratedPipeline - INFO - Saved 61,019 passenger flow records
2025-06-13 02:35:36,299 - IntegratedPipeline - INFO - Saved 24,025 bus position records
2025-06-13 02:35:36,299 - IntegratedPipeline - INFO - ‚úÖ Simulation pipeline completed successfully
2025-06-13 02:35:36,309 - IntegratedPipeline - INFO - ================================================================================
2025-06-13 02:35:36,309 - IntegratedPipeline - INFO - STEP 2: RUNNING BUS OPTIMIZATION PIPELINE
2025-06-13 02:35:36,309 - IntegratedPipeline - INFO - ================================================================================
2025-06-13 02:35:37,639 - IntegratedPipeline - INFO - Initializing optimization with parameters:
2025-06-13 02:35:37,639 - IntegratedPipeline - INFO -   - Generations: 30
2025-06-13 02:35:37,639 - IntegratedPipeline - INFO -   - Population size: 30
2025-06-13 02:35:37,639 - IntegratedPipeline - INFO -   - Mutation rate: 0.12
2025-06-13 02:35:37,639 - IntegratedPipeline - INFO -   - Crossover rate: 0.75
2025-06-13 02:35:37,703 - IntegratedPipeline - INFO - Running optimization for date: 2025-06-02
2025-06-13 02:35:37,704 - IntegratedPipeline - INFO - Optimizing line 101...
2025-06-13 02:37:03,336 - IntegratedPipeline - INFO - Optimizing line 101-1...
2025-06-13 02:38:28,878 - IntegratedPipeline - INFO - Generated 67 optimized schedule entries for 2 lines
2025-06-13 02:38:28,878 - IntegratedPipeline - INFO - Average fitness score: 0.8124
2025-06-13 02:38:28,878 - IntegratedPipeline - INFO - Converting optimized schedules to passenger flow format...
2025-06-13 02:38:28,878 - IntegratedPipeline - INFO - Converting optimized schedules to passenger flow format...
2025-06-13 02:38:28,881 - IntegratedPipeline - ERROR - Failed to convert schedules to passenger flow format: No module named 'core.transit_network'
2025-06-13 02:38:28,883 - IntegratedPipeline - ERROR - Traceback: Traceback (most recent call last):
  File "/Users/umutulasbalci/Desktop/Python/Senior Project/schedule_optimization_project/main_pipeline/optimized_passenger_flow_generator.py", line 32, in __init__
    from data_models import BusTransitData
  File "/Users/umutulasbalci/Desktop/Python/Senior Project/schedule_optimization_project/bus_simulation_pipeline/src/data_models.py", line 1, in <module>
    from .core.data_models import *
ImportError: attempted relative import with no known parent package

During handling of the above exception, another exception occurred:

Traceback (most recent call last):
  File "/Users/umutulasbalci/Desktop/Python/Senior Project/schedule_optimization_project/main_pipeline/integrated_pipeline.py", line 595, in _convert_schedules_to_passenger_flow
    generator = OptimizedPassengerFlowGenerator(stops_file, self.project_root)
                ^^^^^^^^^^^^^^^^^^^^^^^^^^^^^^^^^^^^^^^^^^^^^^^^^^^^^^^^^^^^^^
  File "/Users/umutulasbalci/Desktop/Python/Senior Project/schedule_optimization_project/main_pipeline/optimized_passenger_flow_generator.py", line 37, in __init__
    from core.transit_network import TransitNetwork
ModuleNotFoundError: No module named 'core.transit_network'

2025-06-13 02:38:28,883 - IntegratedPipeline - INFO - ‚úÖ Optimization pipeline completed successfully
2025-06-13 02:38:28,885 - IntegratedPipeline - INFO - ================================================================================
2025-06-13 02:38:28,885 - IntegratedPipeline - INFO - STEP 3: RUNNING BUS PREDICTION PIPELINE
2025-06-13 02:38:28,885 - IntegratedPipeline - INFO - ================================================================================
2025-06-13 02:38:32,289 - IntegratedPipeline - INFO - Initializing prediction with parameters:
2025-06-13 02:38:32,289 - IntegratedPipeline - INFO -   - LSTM architecture: [64, 32]
2025-06-13 02:38:32,289 - IntegratedPipeline - INFO -   - Training epochs: 50
2025-06-13 02:38:32,289 - IntegratedPipeline - INFO -   - Prediction horizon: 24 hours
2025-06-13 02:38:32,295 - IntegratedPipeline - INFO - Loading simulation data for training from: /Users/umutulasbalci/Desktop/Python/Senior Project/schedule_optimization_project/outputs/pipeline_run_quick_20250613_023422/simulation_results/passenger_flow_results.csv
2025-06-13 02:38:32,296 - IntegratedPipeline - ERROR - ‚ùå Prediction pipeline failed: Optimized schedule data in passenger flow format not available
2025-06-13 02:38:32,296 - IntegratedPipeline - ERROR - Traceback: Traceback (most recent call last):
  File "/Users/umutulasbalci/Desktop/Python/Senior Project/schedule_optimization_project/main_pipeline/integrated_pipeline.py", line 411, in run_prediction_pipeline
    raise Exception("Optimized schedule data in passenger flow format not available")
Exception: Optimized schedule data in passenger flow format not available

2025-06-13 02:38:32,296 - IntegratedPipeline - INFO - ================================================================================
2025-06-13 02:38:32,296 - IntegratedPipeline - INFO - ‚ùå PIPELINE FAILED!
2025-06-13 02:38:32,296 - IntegratedPipeline - INFO - Total duration: 0:04:09.602076
2025-06-13 02:38:32,296 - IntegratedPipeline - INFO - Output directory: /Users/umutulasbalci/Desktop/Python/Senior Project/schedule_optimization_project/outputs/pipeline_run_quick_20250613_023422
2025-06-13 02:38:32,296 - IntegratedPipeline - INFO - ================================================================================
